{
  "post": {
    "<coinbase_addr>": {
      "nonce": "<nonce>",
    },
    "<contract_addr_2>": {
      "storage": {
        "0x0000000000000000000000000000000000000000000000000000000000000000": "0x0000000000000000000000000000000000000000000000000000000000000002",
      },
    },
  },
  "pre": {
    "<coinbase_addr>": {
      "balance": "<balance>",
      "nonce": "<nonce>",
    },
    "<contract_addr_2>": {
      "balance": "<balance>",
      "code": "<code>",
      "nonce": "<nonce>",
      "storage": {
        "0x0000000000000000000000000000000000000000000000000000000000000000": "0x0000000000000000000000000000000000000000000000000000000000000001",
      },
    },
  },
}