{
  "post": {
    "0x0000000000000000000000000000000000000000": {
      "nonce": "<nonce>",
    },
    "<contract_addr>": {
      "storage": {
        "0x0000000000000000000000000000000000000000000000000000000000000000": "0x0000000000000000000000000000000000000000000000000000000000000002",
      },
    },
  },
  "pre": {
    "0x0000000000000000000000000000000000000000": {
      "balance": "<balance>",
    },
    "<contract_addr>": {
      "balance": "<balance>",
      "nonce": "<nonce>",
      "storage": {
        "0x0000000000000000000000000000000000000000000000000000000000000000": "0x000000000000000000000000000000000000000000000000000000000000002a",
      },
    },
  },
}