{
  "<caller_addr>": {
    "balance": "<balance>",
    "nonce": "<nonce>",
  },
  "<coinbase_addr>": {
    "balance": "<balance>",
  },
  "<contract_addr>": {
    "balance": "<balance>",
    "nonce": "<nonce>",
  },
  "<contract_addr_2>": {
    "balance": "<balance>",
    "nonce": "<nonce>",
    "storage": {
      "0x0000000000000000000000000000000000000000000000000000000000000000": "0x0000000000000000000000000000000000000000000000000000000000000001",
    },
  },
}