{
  "0x650bfc4caf0ec187ee81ffb475af450efe0d3ebe": {
    "balance": "<balance>",
    "nonce": "<nonce>",
  },
  "<coinbase_addr>": {
    "balance": "<balance>",
  },
  "<contract_addr>": {
    "balance": "<balance>",
  },
}