{
  "<caller_addr>": {
    "balance": "<balance>",
  },
  "<coinbase_addr>": {
    "balance": "<balance>",
  },
  "<contract_addr>": {
    "balance": "<balance>",
  },
}