[
  {
    "address": "<stripped>",
    "blockHash": "<stripped>",
    "blockNumber": "<stripped>",
    "data": "<stripped>",
    "logIndex": "<stripped>",
    "removed": "<stripped>",
    "topics": [],
    "transactionHash": "<stripped>",
    "transactionIndex": "<stripped>",
  },
]