{
  "<caller_addr>": {
    "balance": "<balance>",
    "nonce": "<nonce>",
  },
}