{
  "post": {
    "<caller_addr>": {
      "balance": "<balance>",
      "nonce": "<nonce>",
    },
    "<coinbase_addr>": {
      "balance": "<balance>",
    },
    "<contract_addr>": {
      "balance": "<balance>",
      "code": "<code>",
      "nonce": "<nonce>",
      "storage": {
        "0x0000000000000000000000000000000000000000000000000000000000000000": "0x000000000000000000000000000000000000000000000000000000000000002a",
        "0x0000000000000000000000000000000000000000000000000000000000000002": "0x696e697400000000000000000000000000000000000000000000000000000008",
        "<wallet_balance>": "0x0000000000000000000000000000000000000000000000008ac7230489e80000",
      },
    },
  },
  "pre": {
    "<caller_addr>": {
      "balance": "<balance>",
    },
    "<coinbase_addr>": {
      "balance": "<balance>",
    },
  },
}