{
  "post": {
    "<caller_addr>": {
      "balance": "<balance>",
      "nonce": "<nonce>",
    },
    "<contract_addr>": {
      "balance": "<balance>",
      "storage": {
        "0x2a18baad4b7af05f65533a14f7d7986e49ec0f78870e57f8607f31185f1e7008": "0x00000000000000000000000000000000000000000000000098a7d9b8314c0000",
      },
    },
  },
  "pre": {
    "<caller_addr>": {
      "balance": "<balance>",
      "nonce": "<nonce>",
    },
    "<contract_addr>": {
      "balance": "<balance>",
      "nonce": "<nonce>",
      "storage": {
        "0x2a18baad4b7af05f65533a14f7d7986e49ec0f78870e57f8607f31185f1e7008": "0x0000000000000000000000000000000000000000000000008ac7230489e80000",
      },
    },
  },
}