{
  "<caller_addr>": {
    "balance": "<balance>",
    "nonce": "<nonce>",
  },
  "<contract_addr>": {
    "balance": "<balance>",
    "code": "<code>",
    "nonce": "<nonce>",
  },
  "<contract_addr_2>": {
    "balance": "<balance>",
    "code": "<code>",
    "nonce": "<nonce>",
  },
}