{
  "post": {
    "<caller_addr>": {
      "nonce": "<nonce>",
    },
  },
  "pre": {
    "<caller_addr>": {
      "balance": "<balance>",
      "nonce": "<nonce>",
    },
  },
}