{
  "<caller_addr>": {
    "balance": "<balance>",
    "nonce": "<nonce>",
  },
  "<coinbase_addr>": {
    "balance": "<balance>",
  },
  "<contract_addr>": {
    "balance": "<balance>",
    "code": "<code>",
    "nonce": "<nonce>",
    "storage": {
      "0x0000000000000000000000000000000000000000000000000000000000000000": "0x000000000000000000000000000000000000000000000000000000000000002a",
    },
  },
}