{
  "<caller_addr>": {
    "balance": "<balance>",
    "nonce": "<nonce>",
  },
  "<contract_addr>": {
    "balance": "<balance>",
    "code": "<code>",
    "nonce": "<nonce>",
    "storage": {
      "<wallet_balance>": "0x0000000000000000000000000000000000000000000000008ac7230489e80000",
    },
  },
}