{
  "post": {
    "<contract_addr>": {
      "storage": {
        "0x0000000000000000000000000000000000000000000000000000000000000000": "0x0000000000000000000000000000000000000000000000000000000000000002",
        "0x0000000000000000000000000000000000000000000000000000000000000002": "0x77726974655f73746f726167655f66726f6d5f30000000000000000000000028",
      },
    },
  },
  "pre": {
    "<contract_addr>": {
      "balance": "<balance>",
      "code": "<code>",
      "nonce": "<nonce>",
      "storage": {
        "0x0000000000000000000000000000000000000000000000000000000000000000": "0x000000000000000000000000000000000000000000000000000000000000002a",
        "0x0000000000000000000000000000000000000000000000000000000000000002": "0x696e697400000000000000000000000000000000000000000000000000000008",
      },
    },
  },
}