{
  "post": {
    "<caller_addr>": {
      "nonce": "<nonce>",
    },
    "<contract_addr>": {
      "storage": {
        "0x0000000000000000000000000000000000000000000000000000000000000000": "0x0000000000000000000000000000000000000000000000000000000000000002",
      },
    },
  },
  "pre": {
    "<caller_addr>": {
      "balance": "<balance>",
      "nonce": "<nonce>",
    },
    "<contract_addr>": {
      "balance": "<balance>",
      "code": "<code>",
      "nonce": "<nonce>",
      "storage": {
        "0x0000000000000000000000000000000000000000000000000000000000000000": "0x000000000000000000000000000000000000000000000000000000000000002a",
      },
    },
  },
}